// Jest Snapshot v1, https://goo.gl/fbAQLP

exports[`<Login /> make sure the username is valid 1`] = `
<div>
  <section
    className="tiles"
  >
    <article>
      <span
        className="image"
      >
        <img
          alt=""
          src="/images/pic13.jpg"
        />
      </span>
      <a>
        <h2>
           Yummy Recipes 
        </h2>
        <div
          className="content"
        >
          <h4>
             Sign In
          </h4>
          <form
            action=""
            id="login_form"
            method="POST"
          >
            <div
              className="error"
            >
              <Dialog
                actions={
                  Array [
                    <FlatButton
                      disabled={false}
                      fullWidth={false}
                      label="Discard"
                      labelPosition="after"
                      labelStyle={Object {}}
                      onKeyboardFocus={[Function]}
                      onMouseEnter={[Function]}
                      onMouseLeave={[Function]}
                      onTouchStart={[Function]}
                      onTouchTap={[Function]}
                      primary={true}
                      secondary={false}
                  />,
                  ]
                }
                autoDetectWindowHeight={true}
                autoScrollBodyContent={false}
                modal={false}
                onRequestClose={[Function]}
                open={false}
                repositionOnUpdate={true}
              />
            </div>
            <div>
              <TextField
                disabled={false}
                floatingLabelFixed={false}
                fullWidth={false}
                hintText="username"
                id="username"
                multiLine={false}
                name="username"
                onChange={[Function]}
                rows={1}
                type="text"
                underlineShow={true}
              />
            </div>
            <div>
              <TextField
                disabled={false}
                floatingLabelFixed={false}
                fullWidth={false}
                hintText="password"
                id="password"
                multiLine={false}
                name="password"
                onChange={[Function]}
                rows={1}
                type="password"
                underlineShow={true}
              />
            </div>
            <FlatButton
              disabled={false}
              fullWidth={false}
              label="Login"
              labelPosition="after"
              labelStyle={Object {}}
              onClick={[Function]}
              onKeyboardFocus={[Function]}
              onMouseEnter={[Function]}
              onMouseLeave={[Function]}
              onTouchStart={[Function]}
              primary={false}
              secondary={false}
              type="submit"
            />
          </form>
        </div>
      </a>
    </article>
  </section>
</div>
`;

exports[`<Login /> matches  snapshot 1`] = `
<div>
  <section
    className="tiles"
  >
    <article>
      <span
        className="image"
      >
        <img
          alt=""
          src="/images/pic13.jpg"
        />
      </span>
      <a>
        <h2>
           Yummy Recipes 
        </h2>
        <div
          className="content"
        >
          <h4>
             Sign In
          </h4>
          <form
            action=""
            id="login_form"
            method="POST"
          >
            <div
              className="error"
            >
              <Dialog
                actions={
                  Array [
                    <FlatButton
                      disabled={false}
                      fullWidth={false}
                      label="Discard"
                      labelPosition="after"
                      labelStyle={Object {}}
                      onKeyboardFocus={[Function]}
                      onMouseEnter={[Function]}
                      onMouseLeave={[Function]}
                      onTouchStart={[Function]}
                      onTouchTap={[Function]}
                      primary={true}
                      secondary={false}
                  />,
                  ]
                }
                autoDetectWindowHeight={true}
                autoScrollBodyContent={false}
                modal={false}
                onRequestClose={[Function]}
                open={false}
                repositionOnUpdate={true}
              />
            </div>
            <div>
              <TextField
                disabled={false}
                floatingLabelFixed={false}
                fullWidth={false}
                hintText="username"
                id="username"
                multiLine={false}
                name="username"
                onChange={[Function]}
                rows={1}
                type="text"
                underlineShow={true}
              />
            </div>
            <div>
              <TextField
                disabled={false}
                floatingLabelFixed={false}
                fullWidth={false}
                hintText="password"
                id="password"
                multiLine={false}
                name="password"
                onChange={[Function]}
                rows={1}
                type="password"
                underlineShow={true}
              />
            </div>
            <FlatButton
              disabled={false}
              fullWidth={false}
              label="Login"
              labelPosition="after"
              labelStyle={Object {}}
              onClick={[Function]}
              onKeyboardFocus={[Function]}
              onMouseEnter={[Function]}
              onMouseLeave={[Function]}
              onTouchStart={[Function]}
              primary={false}
              secondary={false}
              type="submit"
            />
          </form>
        </div>
      </a>
    </article>
  </section>
</div>
`;

exports[`<Login /> renders login form and submits data 1`] = `
<div>
  <section
    className="tiles"
  >
    <article>
      <span
        className="image"
      >
        <img
          alt=""
          src="/images/pic13.jpg"
        />
      </span>
      <a>
        <h2>
           Yummy Recipes 
        </h2>
        <div
          className="content"
        >
          <h4>
             Sign In
          </h4>
          <form
            action=""
            id="login_form"
            method="POST"
          >
            <div
              className="error"
            >
              <Dialog
                actions={
                  Array [
                    <FlatButton
                      disabled={false}
                      fullWidth={false}
                      label="Discard"
                      labelPosition="after"
                      labelStyle={Object {}}
                      onKeyboardFocus={[Function]}
                      onMouseEnter={[Function]}
                      onMouseLeave={[Function]}
                      onTouchStart={[Function]}
                      onTouchTap={[Function]}
                      primary={true}
                      secondary={false}
                  />,
                  ]
                }
                autoDetectWindowHeight={true}
                autoScrollBodyContent={false}
                modal={false}
                onRequestClose={[Function]}
                open={false}
                repositionOnUpdate={true}
              />
            </div>
            <div>
              <TextField
                disabled={false}
                floatingLabelFixed={false}
                fullWidth={false}
                hintText="username"
                id="username"
                multiLine={false}
                name="username"
                onChange={[Function]}
                rows={1}
                type="text"
                underlineShow={true}
              />
            </div>
            <div>
              <TextField
                disabled={false}
                floatingLabelFixed={false}
                fullWidth={false}
                hintText="password"
                id="password"
                multiLine={false}
                name="password"
                onChange={[Function]}
                rows={1}
                type="password"
                underlineShow={true}
              />
            </div>
            <FlatButton
              disabled={false}
              fullWidth={false}
              label="Login"
              labelPosition="after"
              labelStyle={Object {}}
              onClick={[Function]}
              onKeyboardFocus={[Function]}
              onMouseEnter={[Function]}
              onMouseLeave={[Function]}
              onTouchStart={[Function]}
              primary={false}
              secondary={false}
              type="submit"
            />
          </form>
        </div>
      </a>
    </article>
  </section>
</div>
`;
